// Jest Snapshot v1, https://goo.gl/fbAQLP

exports[`test PriceList component should render co to match snapshot 1`] = `ShallowWrapper {}`;

exports[`test PriceList component should render component to match snapshot 1`] = `ShallowWrapper {}`;

exports[`test PriceList component should render component to match snapshot 2`] = `ShallowWrapper {}`;

exports[`test PriceList component should render correct price items length 1`] = `ShallowWrapper {}`;
